<?xml version="1.0" encoding="utf-8"?><testsuites name="pytest tests"><testsuite name="pytest" errors="0" failures="0" skipped="0" tests="63" time="0.968" timestamp="2026-03-05T16:33:37.129954+01:00" hostname="ERROR"><testcase classname="tests.test_analysis.TestAnalyzeOrbit" name="test_small_b_jumps" time="0.310" /><testcase classname="tests.test_analysis.TestAnalyzeOrbit" name="test_b50_jumps" time="0.002" /><testcase classname="tests.test_analysis.TestAnalyzeOrbit" name="test_b80_jumps" time="0.002" /><testcase classname="tests.test_analysis.TestAnalyzeOrbit" name="test_large_b_no_jumps" time="0.004" /><testcase classname="tests.test_analysis.TestAnalyzeOrbit" name="test_phi_total_positive" time="0.025" /><testcase classname="tests.test_analysis.TestAnalyzeOrbit" name="test_r_range" time="0.025" /><testcase classname="tests.test_analysis.TestDeflection" name="test_is_dphi_minus_pi" time="0.001" /><testcase classname="tests.test_analysis.TestDeflection" name="test_positive_deep_orbit" time="0.081" /><testcase classname="tests.test_analysis.TestDeflection" name="test_increases_below_barrier" time="0.220" /><testcase classname="tests.test_analysis.TestBridgeIdentity" name="test_exact_at_all_radii" time="0.001" /><testcase classname="tests.test_analysis.TestBridgeIdentity" name="test_components" time="0.001" /><testcase classname="tests.test_analysis.TestProperLength" name="test_finite_to_boundary" time="0.012" /><testcase classname="tests.test_analysis.TestProperLength" name="test_positive" time="0.012" /><testcase classname="tests.test_analysis.TestTortoise" name="test_finite_no_horizon" time="0.014" /><testcase classname="tests.test_embedding.TestXLocal" name="test_at_rs_strong" time="0.001" /><testcase classname="tests.test_embedding.TestXLocal" name="test_far_field_weak" time="0.001" /><testcase classname="tests.test_embedding.TestXLocal" name="test_monotone_decreasing_outward_blend" time="0.001" /><testcase classname="tests.test_embedding.TestNLevel" name="test_N1_at_rs" time="0.001" /><testcase classname="tests.test_embedding.TestNLevel" name="test_N0_far" time="0.001" /><testcase classname="tests.test_embedding.TestEpsilon" name="test_range" time="0.001" /><testcase classname="tests.test_embedding.TestCountJumps" name="test_no_jumps" time="0.001" /><testcase classname="tests.test_embedding.TestCountJumps" name="test_one_jump" time="0.001" /><testcase classname="tests.test_embedding.TestCountJumps" name="test_two_jumps" time="0.001" /><testcase classname="tests.test_embedding.TestCountJumps" name="test_empty" time="0.001" /><testcase classname="tests.test_embedding.TestCountJumps" name="test_single" time="0.001" /><testcase classname="tests.test_integrator.TestRK4Scalar" name="test_exponential_decay" time="0.001" /><testcase classname="tests.test_integrator.TestRK4Scalar" name="test_linear_growth" time="0.001" /><testcase classname="tests.test_integrator.TestTrapz" name="test_constant" time="0.004" /><testcase classname="tests.test_integrator.TestTrapz" name="test_linear" time="0.004" /><testcase classname="tests.test_integrator.TestTrapz" name="test_reversed_limits" time="0.003" /><testcase classname="tests.test_integrator.TestNullRadial" name="test_outgoing_monotone" time="0.005" /><testcase classname="tests.test_integrator.TestNullRadial" name="test_ingoing_monotone" time="0.005" /><testcase classname="tests.test_integrator.TestNullRadial" name="test_speed_bounded" time="0.002" /><testcase classname="tests.test_integrator.TestTimeLikeInfall" name="test_monotone_decrease" time="0.001" /><testcase classname="tests.test_integrator.TestTimeLikeInfall" name="test_reaches_boundary" time="0.001" /><testcase classname="tests.test_integrator.TestNullGeodesic" name="test_small_b_two_jumps" time="0.020" /><testcase classname="tests.test_integrator.TestNullGeodesic" name="test_large_b_no_jumps" time="0.030" /><testcase classname="tests.test_integrator.TestNullGeodesic" name="test_turning_point" time="0.014" /><testcase classname="tests.test_integrator.TestNullGeodesic" name="test_phi_increases" time="0.013" /><testcase classname="tests.test_integrator.TestTurningPoint" name="test_exists_for_small_b" time="0.001" /><testcase classname="tests.test_integrator.TestTurningPoint" name="test_turning_point_condition" time="0.001" /><testcase classname="tests.test_xi.TestXiStrong" name="test_zero_radius" time="0.001" /><testcase classname="tests.test_xi.TestXiStrong" name="test_negative_radius" time="0.001" /><testcase classname="tests.test_xi.TestXiStrong" name="test_at_rs" time="0.001" /><testcase classname="tests.test_xi.TestXiStrong" name="test_monotone_increasing" time="0.001" /><testcase classname="tests.test_xi.TestXiStrong" name="test_asymptotic_to_one" time="0.001" /><testcase classname="tests.test_xi.TestXiStrong" name="test_positive" time="0.001" /><testcase classname="tests.test_xi.TestXiWeak" name="test_at_large_r" time="0.001" /><testcase classname="tests.test_xi.TestXiWeak" name="test_inversely_proportional" time="0.001" /><testcase classname="tests.test_xi.TestXiWeak" name="test_zero_radius" time="0.001" /><testcase classname="tests.test_xi.TestXiHard" name="test_strong_regime" time="0.001" /><testcase classname="tests.test_xi.TestXiHard" name="test_weak_regime" time="0.001" /><testcase classname="tests.test_xi.TestXiHard" name="test_discontinuity_at_100" time="0.001" /><testcase classname="tests.test_xi.TestXiBlend" name="test_pure_strong" time="0.001" /><testcase classname="tests.test_xi.TestXiBlend" name="test_pure_weak" time="0.001" /><testcase classname="tests.test_xi.TestXiBlend" name="test_smooth_in_blend" time="0.001" /><testcase classname="tests.test_xi.TestXiBlend" name="test_c2_continuity" time="0.001" /><testcase classname="tests.test_xi.TestXiBlend" name="test_monotone_decreasing_in_blend" time="0.001" /><testcase classname="tests.test_xi.TestMetricD" name="test_D_at_rs" time="0.001" /><testcase classname="tests.test_xi.TestMetricD" name="test_D_range" time="0.001" /><testcase classname="tests.test_xi.TestMetricD" name="test_s_inverse_of_D" time="0.001" /><testcase classname="tests.test_xi.TestDDerivative" name="test_positive_in_strong" time="0.001" /><testcase classname="tests.test_xi.TestDDerivative" name="test_finite" time="0.001" /></testsuite></testsuites>